Microchip MPLAB XC8 Compiler V2.41

Linker command line:

-W-3 \
  --edf=C:/Program Files/Microchip/MPLABX/v6.10/packs/Microchip/PIC18Fxxxx_DFP/1.4.151/xc8\pic\dat\20230323171731_en.msgs \
  -cn -h+dist/default/production\DS1307Clock.X.production.sym \
  --cmf=dist/default/production\DS1307Clock.X.production.cmf -z -Q18F4520 \
  -oC:\Users\777\AppData\Local\Temp\xcAs23g.\driver_tmp_3.o \
  --defsym=__MPLAB_BUILD=1 --fixupoverflow=error \
  -Mdist/default/production/DS1307Clock.X.production.map \
  --md=C:\Users\777\AppData\Local\Temp\xcAs23g.\driver_tmp_0.dat -E1 \
  -ver=XC8 Compiler --acfsm=1493 -ACODE=00h-07FFFh -ACONST=00h-07FFFh \
  -ASMALLCONST=0600h-06FFhx122 -AMEDIUMCONST=0600h-07FFFh -ACOMRAM=01h-07Fh \
  -AABS1=00h-05FFh -ABIGRAM=01h-05FFh -ARAM=080h-0FFh,0100h-01FFhx5 \
  -ABANK0=080h-0FFh -ABANK1=0100h-01FFh -ABANK2=0200h-02FFh \
  -ABANK3=0300h-03FFh -ABANK4=0400h-04FFh -ABANK5=0500h-05FFh \
  -ASFR=0F80h-0FFFh -ABIGSFR=0F80h-0FFFh -ACONFIG=0300000h-030000Dh \
  -AIDLOC=0200000h-0200007h -AEEDATA=0F00000h-0F000FFh -peeprom_data=EEDATA \
  -preset_vec=00h,intcode=08h,intcodelo=018h,powerup,init -pramtop=0600h \
  -psmallconst=SMALLCONST -pmediumconst=MEDIUMCONST -pconst=CONST \
  -AFARRAM=00h-00h \
  -prdata=COMRAM,nvrram=COMRAM,nvbit=COMRAM,rbss=COMRAM,rbit=COMRAM \
  -pfarbss=FARRAM,fardata=FARRAM,nvFARRAM=FARRAM \
  -pintsave_regs=BIGRAM,bigbss=BIGRAM,bigdata=BIGRAM -pbss=RAM \
  -pidata=CODE,irdata=CODE,ibigdata=CODE,ifardata=CODE -prparam=COMRAM \
  C:\Users\777\AppData\Local\Temp\xcAs23g.\driver_tmp_9.o \
  dist/default/production\DS1307Clock.X.production.o 

Object code version is 3.11

Machine type is 18F4520



                Name                               Link     Load   Length Selector   Space Scale
C:\Users\777\AppData\Local\Temp\xcAs23g.\driver_tmp_9.o
                config                           300000   300000        E        0       4
                init                                 58       58        4        C       0
                reset_vec                             0        0        4        0       0
dist/default/production\DS1307Clock.X.production.o
                intcodelo                            18       18       40        C       0
                intcode                               8        8        6        4       0
                config                           300000   300000        E        0       4
                temp                                 70       70        1        1       1
                smallconst                          600      600       2E      300       0
                text51                             176A     176A      172      317       0
                text50                             238A     238A       5C      317       0
                text49                             15EC     15EC      17E      317       0
                text48                             1CEC     1CEC       DA      317       0
                text47                             2752     2752       12      317       0
                intcode_body                       1A36     1A36      102      317       0
                text45                             1C12     1C12       DA      317       0
                text43                             262E     262E       26      317       0
                text42                             26E4     26E4       14      317       0
                text41                             2780     2780        E      317       0
                text40                             27A8     27A8        4      317       0
                text39                             2740     2740       12      317       0
                text38                             272E     272E       12      317       0
                text37                             2654     2654       22      317       0
                text36                             26B2     26B2       1A      317       0
                text35                             18DC     18DC      15A      317       0
                text34                             24B6     24B6       42      317       0
                text33                             201A     201A       C0      317       0
                text32                             2246     2246       74      317       0
                text31                             23E6     23E6       48      317       0
                text30                             271C     271C       12      317       0
                text29                             22BA     22BA       6E      317       0
                text28                             25DC     25DC       2A      317       0
                text27                             2772     2772        E      317       0
                text26                             26CC     26CC       18      317       0
                text25                             2606     2606       28      317       0
                text24                             242E     242E       46      317       0
                text23                             27A4     27A4        4      317       0
                text22                             270A     270A       12      317       0
                text21                             2328     2328       62      317       0
                text20                             25A4     25A4       38      317       0
                text19                             26F8     26F8       12      317       0
                text18                             20DA     20DA       BC      317       0
                text17                             1B38     1B38       DA      317       0
                text16                             1F54     1F54       C6      317       0
                text15                             2196     2196       B0      317       0
                text14                             123E     123E      1FA      317       0
                text13                             1032     1032      20C      317       0
                text12                             2474     2474       42      317       0
                text11                             2764     2764        E      317       0
                text10                             1DC6     1DC6       C8      317       0
                text9                              1E8E     1E8E       C6      317       0
                text8                              2694     2694       1E      317       0
                text7                              2676     2676       1E      317       0
                text6                              256C     256C       38      317       0
                text5                              279E     279E        6      317       0
                text4                              2798     2798        6      317       0
                text3                              2532     2532       3A      317       0
                text2                               62E      62E      698      317       0
                text1                               CC6      CC6      36C      317       0
                text0                              1438     1438      1B4      317       0
                cstackCOMRAM                         5A       5A       15        1       1
                cstackBANK0                          8A       8A        9       80       1
                dataBANK0                            80       80        A       80       1
                bssCOMRAM                             1        1       59        1       1
                cinit                              24F8     24F8       3A      317       0
                nvCOMRAM                             6F       6F        1        1       1
                idataBANK0                         278E     278E        A      317       0

TOTAL           Name                               Link     Load   Length     Space
        CLASS   CODE           
                intcodelo                            18       18       40         0
                intcode                               8        8        6         0
                init                                 58       58        4         0
                reset_vec                             0        0        4         0
                text51                             176A     176A      172         0
                text50                             238A     238A       5C         0
                text49                             15EC     15EC      17E         0
                text48                             1CEC     1CEC       DA         0
                text47                             2752     2752       12         0
                intcode_body                       1A36     1A36      102         0
                text45                             1C12     1C12       DA         0
                text43                             262E     262E       26         0
                text42                             26E4     26E4       14         0
                text41                             2780     2780        E         0
                text40                             27A8     27A8        4         0
                text39                             2740     2740       12         0
                text38                             272E     272E       12         0
                text37                             2654     2654       22         0
                text36                             26B2     26B2       1A         0
                text35                             18DC     18DC      15A         0
                text34                             24B6     24B6       42         0
                text33                             201A     201A       C0         0
                text32                             2246     2246       74         0
                text31                             23E6     23E6       48         0
                text30                             271C     271C       12         0
                text29                             22BA     22BA       6E         0
                text28                             25DC     25DC       2A         0
                text27                             2772     2772        E         0
                text26                             26CC     26CC       18         0
                text25                             2606     2606       28         0
                text24                             242E     242E       46         0
                text23                             27A4     27A4        4         0
                text22                             270A     270A       12         0
                text21                             2328     2328       62         0
                text20                             25A4     25A4       38         0
                text19                             26F8     26F8       12         0
                text18                             20DA     20DA       BC         0
                text17                             1B38     1B38       DA         0
                text16                             1F54     1F54       C6         0
                text15                             2196     2196       B0         0
                text14                             123E     123E      1FA         0
                text13                             1032     1032      20C         0
                text12                             2474     2474       42         0
                text11                             2764     2764        E         0
                text10                             1DC6     1DC6       C8         0
                text9                              1E8E     1E8E       C6         0
                text8                              2694     2694       1E         0
                text7                              2676     2676       1E         0
                text6                              256C     256C       38         0
                text5                              279E     279E        6         0
                text4                              2798     2798        6         0
                text3                              2532     2532       3A         0
                text2                               62E      62E      698         0
                text1                               CC6      CC6      36C         0
                text0                              1438     1438      1B4         0
                cinit                              24F8     24F8       3A         0
                idataBANK0                         278E     278E        A         0

        CLASS   CONST          

        CLASS   SMALLCONST     
                smallconst                          600      600       2E         0

        CLASS   MEDIUMCONST    

        CLASS   COMRAM         
                temp                                 70       70        1         1
                cstackCOMRAM                         5A       5A       15         1
                bssCOMRAM                             1        1       59         1
                nvCOMRAM                             6F       6F        1         1

        CLASS   ABS1           

        CLASS   BIGRAM         

        CLASS   RAM            

        CLASS   BANK0          
                cstackBANK0                          8A       8A        9         1
                dataBANK0                            80       80        A         1

        CLASS   BANK1          

        CLASS   BANK2          

        CLASS   BANK3          

        CLASS   BANK4          

        CLASS   BANK5          

        CLASS   SFR            

        CLASS   BIGSFR         

        CLASS   CONFIG         
                config                           300000   300000        E         4

        CLASS   IDLOC          

        CLASS   EEDATA         

        CLASS   FARRAM         

        CLASS   HEAP           

        CLASS   STACK          



SEGMENTS        Name                           Load    Length   Top    Selector   Space  Class

                reset_vec                      000000  000004  000004         0       0  CODE    
                bssCOMRAM                      000001  000070  000071         1       1  COMRAM  
                intcode                        000008  000006  00000E         4       0  CODE    
                intcodelo                      000018  000044  00005C         C       0  CODE    
                dataBANK0                      000080  000013  000093        80       1  BANK0   
                smallconst                     000600  00002E  00062E       300       0  SMALLCON
                text2                          00062E  00217E  0027AC       317       0  CODE    


UNUSED ADDRESS RANGES

        Name                Unused          Largest block    Delta
        BANK0            000093-0000FF               6D
        BANK1            000100-0001FF              100
        BANK2            000200-0002FF              100
        BANK3            000300-0003FF              100
        BANK4            000400-0004FF              100
        BANK5            000500-0005FF              100
        BIGRAM           000071-00007F                F
                         000093-0005FF              56D
        BIGSFR           000F80-000FFF               80
        CODE             000004-000007                4
                         00000E-000017                A
                         00005C-0005FF              5A4
                         0027AC-007FFF             5854
        COMRAM           000071-00007F                F
        CONST            000004-000007                4
                         00000E-000017                A
                         00005C-0005FF              5A4
                         0027AC-007FFF             5854
        EEDATA           F00000-F000FF              100
        IDLOC            200000-200007                8
        MEDIUMCONST      0027AC-007FFF             5854
        RAM              000093-0005FF              100
        SFR              000F80-000FFF               80
        SMALLCONST       0027AC-007FFF              100

                                  Symbol Table

?_Ds1307HMSRead                 cstackCOMRAM 00006B
?___awdiv                       cstackCOMRAM 000069
?___awmod                       cstackCOMRAM 000069
ActionButtons@temp              cstackBANK0  00008A
BlinkDisable@i                  cstackCOMRAM 000069
Ds1307HMSRead@ds1307_date_datas cstackBANK0  00008A
Ds1307HourSet@hour_data         cstackCOMRAM 00006B
Ds1307HourSet@hour_temp         cstackCOMRAM 00006C
Ds1307MinuteSet@minute_data     cstackCOMRAM 00006A
Ds1307SecondSet@second_data     cstackCOMRAM 00006A
Ds1307Write@hour_temp           cstackCOMRAM 00006D
Ds1307Write@write_datas         cstackCOMRAM 00006A
I2cRead@ack                     cstackCOMRAM 000069
I2cRead@receive                 cstackCOMRAM 00006A
I2cWrite@data                   cstackCOMRAM 000069
M74HC595Write@data              cstackCOMRAM 00005B
M74HC595Write@i                 cstackCOMRAM 00005D
M74HC595Write@temp              cstackCOMRAM 00005C
MarkDisplay@mark                cstackCOMRAM 00006B
Open1USART@config               cstackCOMRAM 00006B
Open1USART@spbrg                cstackCOMRAM 000069
OpenDisplay@i                   cstackCOMRAM 000069
OpenTimer0@config               cstackCOMRAM 000069
Puts1USART@data                 cstackCOMRAM 00006A
ReadCounter@read_buffer         cstackBANK0  00008E
UpdateDisplay@end_position      cstackBANK0  000090
UpdateDisplay@i                 cstackCOMRAM 00006D
UpdateDisplay@start_position    cstackBANK0  00008F
UpdateDisplay@update_datas      cstackBANK0  00008D
Write1USART@data                cstackCOMRAM 000069
WriteTimer0@timer               cstackCOMRAM 00006B
WriteTimer0@timer0              cstackCOMRAM 000069
_ADCON0                         (abs)        000FC2
_ADCON1                         (abs)        000FC1
_ActionButtons                  text2        00062E
_BLINK_TIME                     bssCOMRAM    00002B
_BTN_CLICK_EVENT                bssCOMRAM    000034
_BTN_CLICK_STATE                bssCOMRAM    000035
_BlinkDisable                   text43       00262E
_Busy1USART                     text26       0026CC
_DecValProcess                  text10       001DC6
_DeviceInit                     text21       002328
_Ds1307HMSRead                  text18       0020DA
_Ds1307HourSet                  text9        001E8E
_Ds1307Init                     text41       002780
_Ds1307MinuteSet                text8        002694
_Ds1307SecondSet                text7        002676
_Ds1307Write                    text35       0018DC
_EEADR                          (abs)        000FA9
_EECON1bits                     (abs)        000FA6
_EECON2                         (abs)        000FA7
_EEDATA                         (abs)        000FA8
_EnableAllInterrupts            text40       0027A8
_I2cInit                        text42       0026E4
_I2cRead                        text20       0025A4
_I2cRestart                     text19       0026F8
_I2cStart                       text39       002740
_I2cStop                        text38       00272E
_I2cWait                        text37       002654
_I2cWrite                       text36       0026B2
_INTCON2bits                    (abs)        000FF1
_INTCON3bits                    (abs)        000FF0
_INTCONbits                     (abs)        000FF2
_IncValProcess                  text6        00256C
_InitValue                      text34       0024B6
_LATBbits                       (abs)        000F8A
_LATCbits                       (abs)        000F8B
_LATDbits                       (abs)        000F8C
_LEDProcess                     text17       001B38
_M74HC595Init                   text30       00271C
_M74HC595Write                  text50       00238A
_MarkDisplay                    text13       001032
_OSCCONbits                     (abs)        000FD3
_OSCTUNEbits                    (abs)        000F9B
_Open1USART                     text33       00201A
_OpenButtons                    text32       002246
_OpenCounter                    text31       0023E6
_OpenDisplay                    text29       0022BA
_OpenTimer0                     text28       0025DC
_OscillatorInit                 text27       002772
_PIE1                           (abs)        000F9D
_PIE1bits                       (abs)        000F9D
_PIE2bits                       (abs)        000FA0
_PIR1bits                       (abs)        000F9E
_PIR2bits                       (abs)        000FA1
_PORTAbits                      (abs)        000F80
_PORTBbits                      (abs)        000F81
_PORTDbits                      (abs)        000F83
_Puts1USART                     text24       00242E
_RCONbits                       (abs)        000FD0
_RCREG1                         (abs)        000FAE
_RCSTA1                         (abs)        000FAB
_RCSTA1bits                     (abs)        000FAB
_ReadCounter                    text14       00123E
_SPBRG1                         (abs)        000FAF
_SSPADD                         (abs)        000FC8
_SSPBUF                         (abs)        000FC9
_SSPCON1                        (abs)        000FC6
_SSPCON1bits                    (abs)        000FC6
_SSPCON2bits                    (abs)        000FC5
_SSPSTAT                        (abs)        000FC7
_SSPSTATbits                    (abs)        000FC7
_SYSTEM_ACTION_FLG              bssCOMRAM    00004E
_SYSTEM_STATE_FLG               nvCOMRAM     00006F
_ScanButtons                    text51       00176A
_ScanCounter                    text45       001C12
_ScanDisplay                    text49       0015EC
_StartCounter                   text5        00279E
_StartTimer0                    text23       0027A4
_StopCounter                    text4        002798
_T0CON                          (abs)        000FD5
_T0CONbits                      (abs)        000FD5
_T1CON                          (abs)        000FCD
_T1CONbits                      (abs)        000FCD
_T2CON                          (abs)        000FCA
_T2CONbits                      (abs)        000FCA
_T3CON                          (abs)        000FB1
_T3CONbits                      (abs)        000FB1
_TMR0H                          (abs)        000FD7
_TMR0L                          (abs)        000FD6
_TMR1H                          (abs)        000FCF
_TMR1L                          (abs)        000FCE
_TMR2                           (abs)        000FCC
_TMR3H                          (abs)        000FB3
_TMR3L                          (abs)        000FB2
_TRISAbits                      (abs)        000F92
_TRISBbits                      (abs)        000F93
_TRISCbits                      (abs)        000F94
_TRISDbits                      (abs)        000F95
_TXREG1                         (abs)        000FAD
_TXSTA1                         (abs)        000FAC
_TXSTA1bits                     (abs)        000FAC
_USART1_Status                  bssCOMRAM    000031
_UpDownTransfer                 text3        002532
_UpdateDisplay                  text12       002474
_UpdateSetValue                 text11       002764
_VerifyButtons                  text1        000CC6
_Write1USART                    text25       002606
_WriteTimer0                    text22       00270A
__HRAM                          (abs)        000000
__H__absolute__                 __absolute__ 000000
__Habs1                         abs1         000000
__Hbank0                        bank0        000000
__Hbank1                        bank1        000000
__Hbank2                        bank2        000000
__Hbank3                        bank3        000000
__Hbank4                        bank4        000000
__Hbank5                        bank5        000000
__Hbigbss                       bigbss       000000
__Hbigdata                      bigdata      000000
__Hbigram                       bigram       000000
__Hbigsfr                       bigsfr       000000
__Hbss                          bss          000000
__HbssCOMRAM                    bssCOMRAM    000000
__Hcinit                        cinit        000000
__Hclrtext                      clrtext      000000
__Hcomram                       comram       000000
__Hconfig                       config       30000E
__Hconst                        const        000000
__HcstackBANK0                  cstackBANK0  000000
__HcstackCOMRAM                 cstackCOMRAM 000000
__Hdata                         data         000000
__HdataBANK0                    dataBANK0    000000
__Heeprom_data                  eeprom_data  000000
__Hfarbss                       farbss       000000
__Hfardata                      fardata      000000
__Hheap                         heap         000000
__Hibigdata                     ibigdata     000000
__Hidata                        idata        000000
__HidataBANK0                   idataBANK0   000000
__Hidloc                        idloc        000000
__Hifardata                     ifardata     000000
__Hinit                         init         00005C
__Hintcode                      intcode      00000E
__Hintcode_body                 intcode_body 000000
__Hintcodelo                    intcodelo    000058
__Hintentry                     intentry     000000
__Hintret                       intret       000000
__Hintsave_regs                 intsave_regs 000000
__Hirdata                       irdata       000000
__Hmediumconst                  mediumconst  000000
__HnvCOMRAM                     nvCOMRAM     000000
__HnvFARRAM                     nvFARRAM     000000
__Hnvbit                        nvbit        000000
__Hnvrram                       nvrram       000000
__Hparam                        rparam       000000
__Hpowerup                      powerup      000058
__Hram                          ram          000000
__Hramtop                       ramtop       000600
__Hrbit                         rbit         000000
__Hrbss                         rbss         000000
__Hrdata                        rdata        000000
__Hreset_vec                    reset_vec    000004
__Hrparam                       rparam       000000
__Hsfr                          sfr          000000
__Hsmallconst                   smallconst   00062E
__Hspace_0                      (abs)        0027AC
__Hspace_1                      (abs)        000093
__Hspace_2                      (abs)        000000
__Hspace_4                      (abs)        60000E
__Hstack                        stack        000000
__Hstruct                       struct       000000
__Htemp                         temp         000071
__Htext                         text         000000
__Htext0                        text0        000000
__Htext1                        text1        000000
__Htext10                       text10       000000
__Htext11                       text11       000000
__Htext12                       text12       000000
__Htext13                       text13       000000
__Htext14                       text14       000000
__Htext15                       text15       000000
__Htext16                       text16       000000
__Htext17                       text17       000000
__Htext18                       text18       000000
__Htext19                       text19       000000
__Htext2                        text2        000000
__Htext20                       text20       000000
__Htext21                       text21       000000
__Htext22                       text22       000000
__Htext23                       text23       000000
__Htext24                       text24       000000
__Htext25                       text25       000000
__Htext26                       text26       000000
__Htext27                       text27       000000
__Htext28                       text28       000000
__Htext29                       text29       000000
__Htext3                        text3        000000
__Htext30                       text30       000000
__Htext31                       text31       000000
__Htext32                       text32       000000
__Htext33                       text33       000000
__Htext34                       text34       000000
__Htext35                       text35       000000
__Htext36                       text36       000000
__Htext37                       text37       000000
__Htext38                       text38       000000
__Htext39                       text39       000000
__Htext4                        text4        000000
__Htext40                       text40       000000
__Htext41                       text41       000000
__Htext42                       text42       000000
__Htext43                       text43       000000
__Htext45                       text45       000000
__Htext47                       text47       000000
__Htext48                       text48       000000
__Htext49                       text49       000000
__Htext5                        text5        000000
__Htext50                       text50       000000
__Htext51                       text51       000000
__Htext6                        text6        000000
__Htext7                        text7        000000
__Htext8                        text8        000000
__Htext9                        text9        000000
__LRAM                          (abs)        000001
__L__absolute__                 __absolute__ 000000
__Labs1                         abs1         000000
__Lbank0                        bank0        000000
__Lbank1                        bank1        000000
__Lbank2                        bank2        000000
__Lbank3                        bank3        000000
__Lbank4                        bank4        000000
__Lbank5                        bank5        000000
__Lbigbss                       bigbss       000000
__Lbigdata                      bigdata      000000
__Lbigram                       bigram       000000
__Lbigsfr                       bigsfr       000000
__Lbss                          bss          000000
__LbssCOMRAM                    bssCOMRAM    000000
__Lcinit                        cinit        000000
__Lclrtext                      clrtext      000000
__Lcomram                       comram       000000
__Lconfig                       config       000000
__Lconst                        const        000000
__LcstackBANK0                  cstackBANK0  000000
__LcstackCOMRAM                 cstackCOMRAM 000000
__Ldata                         data         000000
__LdataBANK0                    dataBANK0    000000
__Leeprom_data                  eeprom_data  000000
__Lfarbss                       farbss       000000
__Lfardata                      fardata      000000
__Lheap                         heap         000000
__Libigdata                     ibigdata     000000
__Lidata                        idata        000000
__LidataBANK0                   idataBANK0   000000
__Lidloc                        idloc        000000
__Lifardata                     ifardata     000000
__Linit                         init         000058
__Lintcode                      intcode      000008
__Lintcode_body                 intcode_body 000000
__Lintcodelo                    intcodelo    000018
__Lintentry                     intentry     000000
__Lintret                       intret       000000
__Lintsave_regs                 intsave_regs 000000
__Lirdata                       irdata       000000
__Lmediumconst                  mediumconst  000000
__LnvCOMRAM                     nvCOMRAM     000000
__LnvFARRAM                     nvFARRAM     000000
__Lnvbit                        nvbit        000000
__Lnvrram                       nvrram       000000
__Lparam                        rparam       000000
__Lpowerup                      powerup      000058
__Lram                          ram          000000
__Lramtop                       ramtop       000600
__Lrbit                         rbit         000000
__Lrbss                         rbss         000000
__Lrdata                        rdata        000000
__Lreset_vec                    reset_vec    000000
__Lrparam                       rparam       000000
__Lsfr                          sfr          000000
__Lsmallconst                   smallconst   000600
__Lspace_0                      (abs)        000000
__Lspace_1                      (abs)        000000
__Lspace_2                      (abs)        000000
__Lspace_4                      (abs)        000000
__Lstack                        stack        000000
__Lstruct                       struct       000000
__Ltemp                         temp         000070
__Ltext                         text         000000
__Ltext0                        text0        000000
__Ltext1                        text1        000000
__Ltext10                       text10       000000
__Ltext11                       text11       000000
__Ltext12                       text12       000000
__Ltext13                       text13       000000
__Ltext14                       text14       000000
__Ltext15                       text15       000000
__Ltext16                       text16       000000
__Ltext17                       text17       000000
__Ltext18                       text18       000000
__Ltext19                       text19       000000
__Ltext2                        text2        000000
__Ltext20                       text20       000000
__Ltext21                       text21       000000
__Ltext22                       text22       000000
__Ltext23                       text23       000000
__Ltext24                       text24       000000
__Ltext25                       text25       000000
__Ltext26                       text26       000000
__Ltext27                       text27       000000
__Ltext28                       text28       000000
__Ltext29                       text29       000000
__Ltext3                        text3        000000
__Ltext30                       text30       000000
__Ltext31                       text31       000000
__Ltext32                       text32       000000
__Ltext33                       text33       000000
__Ltext34                       text34       000000
__Ltext35                       text35       000000
__Ltext36                       text36       000000
__Ltext37                       text37       000000
__Ltext38                       text38       000000
__Ltext39                       text39       000000
__Ltext4                        text4        000000
__Ltext40                       text40       000000
__Ltext41                       text41       000000
__Ltext42                       text42       000000
__Ltext43                       text43       000000
__Ltext45                       text45       000000
__Ltext47                       text47       000000
__Ltext48                       text48       000000
__Ltext49                       text49       000000
__Ltext5                        text5        000000
__Ltext50                       text50       000000
__Ltext51                       text51       000000
__Ltext6                        text6        000000
__Ltext7                        text7        000000
__Ltext8                        text8        000000
__Ltext9                        text9        000000
__S0                            (abs)        0027AC
__S1                            (abs)        000093
__S4                            (abs)        000000
__S5                            (abs)        000000
___awdiv                        text16       001F54
___awdiv@counter                cstackBANK0  00008A
___awdiv@dividend               cstackCOMRAM 000069
___awdiv@divisor                cstackCOMRAM 00006B
___awdiv@quotient               cstackBANK0  00008C
___awdiv@sign                   cstackBANK0  00008B
___awmod                        text15       002196
___awmod@counter                cstackCOMRAM 00006D
___awmod@dividend               cstackCOMRAM 000069
___awmod@divisor                cstackCOMRAM 00006B
___awmod@sign                   cstackCOMRAM 00006E
___heap_hi                      (abs)        000000
___heap_lo                      (abs)        000000
___inthi_sp                     stack        000000
___intlo_sp                     stack        000000
___param_bank                   (abs)        000000
___rparam_used                  (abs)        000001
___sp                           stack        000000
__accesstop                     (abs)        000080
__activetblptr                  (abs)        000002
__end_of_ActionButtons          text2        000CC6
__end_of_BlinkDisable           text43       002654
__end_of_Busy1USART             text26       0026E4
__end_of_DecValProcess          text10       001E8E
__end_of_DeviceInit             text21       00238A
__end_of_Ds1307HMSRead          text18       002196
__end_of_Ds1307HourSet          text9        001F54
__end_of_Ds1307Init             text41       00278E
__end_of_Ds1307MinuteSet        text8        0026B2
__end_of_Ds1307SecondSet        text7        002694
__end_of_Ds1307Write            text35       001A36
__end_of_EnableAllInterrupts    text40       0027AC
__end_of_I2cInit                text42       0026F8
__end_of_I2cRead                text20       0025DC
__end_of_I2cRestart             text19       00270A
__end_of_I2cStart               text39       002752
__end_of_I2cStop                text38       002740
__end_of_I2cWait                text37       002676
__end_of_I2cWrite               text36       0026CC
__end_of_IncValProcess          text6        0025A4
__end_of_InitValue              text34       0024F8
__end_of_LEDProcess             text17       001C12
__end_of_M74HC595Init           text30       00272E
__end_of_M74HC595Write          text50       0023E6
__end_of_MarkDisplay            text13       00123E
__end_of_Open1USART             text33       0020DA
__end_of_OpenButtons            text32       0022BA
__end_of_OpenCounter            text31       00242E
__end_of_OpenDisplay            text29       002328
__end_of_OpenTimer0             text28       002606
__end_of_OscillatorInit         text27       002780
__end_of_Puts1USART             text24       002474
__end_of_ReadCounter            text14       001438
__end_of_ScanButtons            text51       0018DC
__end_of_ScanCounter            text45       001CEC
__end_of_ScanDisplay            text49       00176A
__end_of_StartCounter           text5        0027A4
__end_of_StartTimer0            text23       0027A8
__end_of_StopCounter            text4        00279E
__end_of_UpDownTransfer         text3        00256C
__end_of_UpdateDisplay          text12       0024B6
__end_of_UpdateSetValue         text11       002772
__end_of_VerifyButtons          text1        001032
__end_of_Write1USART            text25       00262E
__end_of_WriteTimer0            text22       00271C
__end_of___awdiv                text16       00201A
__end_of___awmod                text15       002246
__end_of__initialization        cinit        002524
__end_of_high_isr               intcode_body 001B38
__end_of_low_isr                intcodelo    000058
__end_of_main                   text0        0015EC
__end_ofi2_ScanCounter          text48       001DC6
__end_ofi2_WriteTimer0          text47       002764
__initialization                cinit        0024F8
__mediumconst                   mediumconst  000000
__pbssCOMRAM                    bssCOMRAM    000001
__pcinit                        cinit        0024F8
__pcstackBANK0                  cstackBANK0  00008A
__pcstackCOMRAM                 cstackCOMRAM 00005A
__pdataBANK0                    dataBANK0    000080
__pidataBANK0                   idataBANK0   00278E
__pintcode                      intcode      000008
__pintcode_body                 intcode_body 001A36
__pintcodelo                    intcodelo    000018
__pnvCOMRAM                     nvCOMRAM     00006F
__psmallconst                   smallconst   000600
__ptext0                        text0        001438
__ptext1                        text1        000CC6
__ptext10                       text10       001DC6
__ptext11                       text11       002764
__ptext12                       text12       002474
__ptext13                       text13       001032
__ptext14                       text14       00123E
__ptext15                       text15       002196
__ptext16                       text16       001F54
__ptext17                       text17       001B38
__ptext18                       text18       0020DA
__ptext19                       text19       0026F8
__ptext2                        text2        00062E
__ptext20                       text20       0025A4
__ptext21                       text21       002328
__ptext22                       text22       00270A
__ptext23                       text23       0027A4
__ptext24                       text24       00242E
__ptext25                       text25       002606
__ptext26                       text26       0026CC
__ptext27                       text27       002772
__ptext28                       text28       0025DC
__ptext29                       text29       0022BA
__ptext3                        text3        002532
__ptext30                       text30       00271C
__ptext31                       text31       0023E6
__ptext32                       text32       002246
__ptext33                       text33       00201A
__ptext34                       text34       0024B6
__ptext35                       text35       0018DC
__ptext36                       text36       0026B2
__ptext37                       text37       002654
__ptext38                       text38       00272E
__ptext39                       text39       002740
__ptext4                        text4        002798
__ptext40                       text40       0027A8
__ptext41                       text41       002780
__ptext42                       text42       0026E4
__ptext43                       text43       00262E
__ptext45                       text45       001C12
__ptext47                       text47       002752
__ptext48                       text48       001CEC
__ptext49                       text49       0015EC
__ptext5                        text5        00279E
__ptext50                       text50       00238A
__ptext51                       text51       00176A
__ptext6                        text6        00256C
__ptext7                        text7        002676
__ptext8                        text8        002694
__ptext9                        text9        001E8E
__ramtop                        ramtop       000600
__smallconst                    smallconst   000600
_blink_cnt                      bssCOMRAM    000036
_blink_enable_flg               bssCOMRAM    000038
_blink_pos                      bssCOMRAM    000001
_btn_long_press_verify_flg      bssCOMRAM    000032
_btn_press_verify_flg           bssCOMRAM    000033
_cnt                            bssCOMRAM    000013
_continue_pressed_cnt           bssCOMRAM    000015
_counter_direction_flg          bssCOMRAM    00003D
_counter_down_comp_cnt          bssCOMRAM    000039
_counter_down_comp_flg          bssCOMRAM    00003A
_counter_down_hour              bssCOMRAM    000047
_counter_down_minute            bssCOMRAM    000046
_counter_down_second            bssCOMRAM    000045
_counter_down_set_hour          bssCOMRAM    000044
_counter_down_set_minute        bssCOMRAM    000043
_counter_down_set_second        bssCOMRAM    000042
_counter_enable_flg             bssCOMRAM    00003E
_counter_hour_set_value         bssCOMRAM    00004D
_counter_min_set_value          bssCOMRAM    00004C
_counter_sec_set_value          bssCOMRAM    00004B
_counter_seting_flg             bssCOMRAM    00003B
_counter_skip_flg               bssCOMRAM    00003C
_counter_up_hour                bssCOMRAM    000041
_counter_up_minute              bssCOMRAM    000040
_counter_up_second              bssCOMRAM    00003F
_display_cnt                    bssCOMRAM    000037
_display_datas                  bssCOMRAM    000052
_down_btn_pressed_cnt           bssCOMRAM    000025
_down_btn_released_cnt          bssCOMRAM    00001B
_high_isr                       intcode      000008
_hour_btn_pressed_cnt           bssCOMRAM    000029
_hour_btn_released_cnt          bssCOMRAM    00001F
_int_cnt                        bssCOMRAM    00004F
_led_blink_cnt                  bssCOMRAM    00002D
_low_isr                        intcodelo    000018
_main                           text0        001438
_real_rtc_data                  bssCOMRAM    000009
_reset_btn_pressed_cnt          bssCOMRAM    000021
_reset_btn_released_cnt         bssCOMRAM    000017
_rtc_clock_disp_mode            bssCOMRAM    000049
_rtc_clock_disp_type            bssCOMRAM    000051
_rtc_clock_set_mode             bssCOMRAM    000048
_rtc_default_values             dataBANK0    000080
_rtc_hour_ampm_flg              bssCOMRAM    000050
_sel_btn_pressed_cnt            bssCOMRAM    000023
_sel_btn_released_cnt           bssCOMRAM    000019
_set_mode_release_cnt           bssCOMRAM    00002F
_temp_system_state              bssCOMRAM    00004A
_up_btn_pressed_cnt             bssCOMRAM    000027
_up_btn_released_cnt            bssCOMRAM    00001D
btemp                           temp         000070
end_of_initialization           cinit        002524
i2WriteTimer0@timer             cstackCOMRAM 00005C
i2WriteTimer0@timer0            cstackCOMRAM 00005A
i2_ScanCounter                  text48       001CEC
i2_WriteTimer0                  text47       002752
int$flags                       temp         000070
int_func                        intcode_body 001A36
intlevel0                       text         000000
intlevel1                       text         000000
intlevel2                       text         000000
intlevel3                       text         000000
isa$std                         (abs)        000001
isa$xinst                       (abs)        000000
stackhi                         (abs)        000000
stacklo                         (abs)        000000
start                           init         000058
start_initialization            cinit        0024F8
ttemp5                          temp         000071
ttemp6                          temp         000074
ttemp7                          temp         000078
wtemp8                          temp         000071


MODULE INFORMATION

Module		Function		Class		Link	Load	Size
C:\Program Files\Microchip\xc8\v2.41\pic\sources\c99\common\awmod.c
		___awmod       		CODE           	2196	0000	176

C:\Program Files\Microchip\xc8\v2.41\pic\sources\c99\common\awmod.c estimated size: 176

I2C.c
		_I2cStart      		CODE           	2740	0000	18
		_I2cWrite      		CODE           	26B2	0000	26
		_I2cWait       		CODE           	2654	0000	34
		_I2cInit       		CODE           	26E4	0000	20
		_I2cStop       		CODE           	272E	0000	18
		_I2cRead       		CODE           	25A4	0000	56
		_I2cRestart    		CODE           	26F8	0000	18

I2C.c estimated size: 190

C:\Program Files\Microchip\xc8\v2.41\pic\sources\c99\common\awdiv.c
		___awdiv       		CODE           	1F54	0000	198

C:\Program Files\Microchip\xc8\v2.41\pic\sources\c99\common\awdiv.c estimated size: 198

Timers.c
		_WriteTimer0   		CODE           	270A	0000	18
		_StartTimer0   		CODE           	27A4	0000	4
		_OpenTimer0    		CODE           	25DC	0000	42

Timers.c estimated size: 64

Interrupts.c
		_high_isr      		CODE           	0008	0000	264
		_EnableAllInterrupts		CODE           	27A8	0000	4
		_low_isr       		CODE           	0018	0000	64

Interrupts.c estimated size: 332

Buttons.c
		_UpdateSetValue		CODE           	2764	0000	14
		_ScanButtons   		CODE           	176A	0000	370
		_UpDownTransfer		CODE           	2532	0000	58
		_ActionButtons 		CODE           	062E	0000	1688
		_OpenButtons   		CODE           	2246	0000	116
		_DecValProcess 		CODE           	1DC6	0000	200
		_VerifyButtons 		CODE           	0CC6	0000	876
		_IncValProcess 		CODE           	256C	0000	56

Buttons.c estimated size: 3378

Main.c
		_DeviceInit    		CODE           	2328	0000	98
		_LEDProcess    		CODE           	1B38	0000	218
		_InitValue     		CODE           	24B6	0000	66
		_main          		CODE           	1438	0000	436

Main.c estimated size: 818

shared
		__initialization		CODE           	24F8	0000	44
		i2_ScanCounter 		CODE           	1CEC	0000	218
		i2_WriteTimer0 		CODE           	2752	0000	18

shared estimated size: 280

DS1307.c
		_Ds1307Init    		CODE           	2780	0000	14
		_Ds1307MinuteSet		CODE           	2694	0000	30
		_Ds1307HMSRead 		CODE           	20DA	0000	188
		_Ds1307SecondSet		CODE           	2676	0000	30
		_Ds1307HourSet 		CODE           	1E8E	0000	198
		_Ds1307Write   		CODE           	18DC	0000	346

DS1307.c estimated size: 806

Display.c
		_MarkDisplay   		CODE           	1032	0000	524
		_OpenDisplay   		CODE           	22BA	0000	110
		_BlinkDisable  		CODE           	262E	0000	38
		_UpdateDisplay 		CODE           	2474	0000	66
		_ScanDisplay   		CODE           	15EC	0000	382

Display.c estimated size: 1120

Counter.c
		_StopCounter   		CODE           	2798	0000	6
		_ReadCounter   		CODE           	123E	0000	506
		_OpenCounter   		CODE           	23E6	0000	72
		_StartCounter  		CODE           	279E	0000	6
		_ScanCounter   		CODE           	1C12	0000	218

Counter.c estimated size: 808

M74HC595.c
		_M74HC595Init  		CODE           	271C	0000	18
		_M74HC595Write 		CODE           	238A	0000	92

M74HC595.c estimated size: 110

Uart.c
		_Puts1USART    		CODE           	242E	0000	70
		_Busy1USART    		CODE           	26CC	0000	24
		_Write1USART   		CODE           	2606	0000	40
		_Open1USART    		CODE           	201A	0000	192

Uart.c estimated size: 326

Config.c
		_OscillatorInit		CODE           	2772	0000	14

Config.c estimated size: 14

